# Logging to D:\Projects\GitRepositories\CentralVoice-JEM207\scripts\models\no_cbam\logs\no_cbam.py-bs=24,d=0.4,e=100,ls=0.05,l=0.001,p=10,s=42,t=1\train.log   (2025-09-17T14:36:50)
Logging training history to D:\Projects\GitRepositories\CentralVoice-JEM207\scripts\models\no_cbam\logs\no_cbam.py-bs=24,d=0.4,e=100,ls=0.05,l=0.001,p=10,s=42,t=1\history.csv
Epoch 1: 
 train_loss 1.6848, train_acc 0.3008, train_f1 0.2782 
dev_loss 1.5640, dev_acc 0.3575, dev_f1 0.3049, lr 0.001000
Epoch 2: 
 train_loss 1.5937, train_acc 0.3468, train_f1 0.3168 
dev_loss 1.5792, dev_acc 0.3602, dev_f1 0.3110, lr 0.001000
Epoch 3: 
 train_loss 1.5665, train_acc 0.3725, train_f1 0.3499 
dev_loss 1.5302, dev_acc 0.3777, dev_f1 0.3468, lr 0.001000
Epoch 4: 
 train_loss 1.5347, train_acc 0.3815, train_f1 0.3603 
dev_loss 1.4199, dev_acc 0.4382, dev_f1 0.4264, lr 0.001000
Epoch 5: 
 train_loss 1.5194, train_acc 0.3936, train_f1 0.3823 
dev_loss 1.4182, dev_acc 0.4516, dev_f1 0.4453, lr 0.001000
Epoch 6: 
 train_loss 1.4886, train_acc 0.4205, train_f1 0.4087 
dev_loss 1.3603, dev_acc 0.4933, dev_f1 0.4896, lr 0.001000
Epoch 7: 
 train_loss 1.4654, train_acc 0.4418, train_f1 0.4323 
dev_loss 1.4407, dev_acc 0.4288, dev_f1 0.4166, lr 0.001000
Epoch 8: 
 train_loss 1.4430, train_acc 0.4487, train_f1 0.4416 
dev_loss 1.3394, dev_acc 0.5000, dev_f1 0.4883, lr 0.001000
Epoch 9: 
 train_loss 1.4151, train_acc 0.4680, train_f1 0.4625 
dev_loss 1.3169, dev_acc 0.5202, dev_f1 0.5120, lr 0.001000
Epoch 10: 
 train_loss 1.4065, train_acc 0.4700, train_f1 0.4642 
dev_loss 1.3281, dev_acc 0.4906, dev_f1 0.4747, lr 0.001000
Epoch 11: 
 train_loss 1.3878, train_acc 0.4858, train_f1 0.4817 
dev_loss 1.2541, dev_acc 0.5470, dev_f1 0.5362, lr 0.001000
Epoch 12: 
 train_loss 1.3606, train_acc 0.5014, train_f1 0.4972 
dev_loss 1.3966, dev_acc 0.4906, dev_f1 0.4838, lr 0.001000
Epoch 13: 
 train_loss 1.3597, train_acc 0.4908, train_f1 0.4878 
dev_loss 1.2822, dev_acc 0.5390, dev_f1 0.5303, lr 0.001000
Epoch 14: 
 train_loss 1.3438, train_acc 0.5073, train_f1 0.5036 
dev_loss 1.2048, dev_acc 0.5739, dev_f1 0.5686, lr 0.001000
Epoch 15: 
 train_loss 1.3239, train_acc 0.5189, train_f1 0.5170 
dev_loss 1.2261, dev_acc 0.5632, dev_f1 0.5584, lr 0.001000
Epoch 16: 
 train_loss 1.3022, train_acc 0.5306, train_f1 0.5275 
dev_loss 1.2297, dev_acc 0.5430, dev_f1 0.5194, lr 0.001000
Epoch 17: 
 train_loss 1.2844, train_acc 0.5280, train_f1 0.5258 
dev_loss 1.1508, dev_acc 0.5981, dev_f1 0.5960, lr 0.001000
Epoch 18: 
 train_loss 1.2749, train_acc 0.5377, train_f1 0.5356 
dev_loss 1.1864, dev_acc 0.5739, dev_f1 0.5653, lr 0.001000
Epoch 19: 
 train_loss 1.2470, train_acc 0.5486, train_f1 0.5471 
dev_loss 1.1638, dev_acc 0.5806, dev_f1 0.5636, lr 0.001000
Epoch 20: 
 train_loss 1.2356, train_acc 0.5659, train_f1 0.5649 
dev_loss 1.1236, dev_acc 0.5995, dev_f1 0.5940, lr 0.001000
Epoch 21: 
 train_loss 1.2288, train_acc 0.5681, train_f1 0.5662 
dev_loss 1.1546, dev_acc 0.5833, dev_f1 0.5737, lr 0.001000
Epoch 22: 
 train_loss 1.2035, train_acc 0.5814, train_f1 0.5808 
dev_loss 1.1928, dev_acc 0.5833, dev_f1 0.5826, lr 0.001000
Epoch 23: 
 train_loss 1.1979, train_acc 0.5809, train_f1 0.5795 
dev_loss 1.1405, dev_acc 0.5914, dev_f1 0.5900, lr 0.001000
Epoch 24: 
 train_loss 1.1786, train_acc 0.5928, train_f1 0.5915 
dev_loss 1.1348, dev_acc 0.6129, dev_f1 0.6120, lr 0.001000
Epoch 25: 
 train_loss 1.1625, train_acc 0.5919, train_f1 0.5908 
dev_loss 1.1469, dev_acc 0.5941, dev_f1 0.5883, lr 0.000500
Epoch 26: 
 train_loss 1.0762, train_acc 0.6432, train_f1 0.6425 
dev_loss 1.0648, dev_acc 0.6478, dev_f1 0.6460, lr 0.000500
Epoch 27: 
 train_loss 1.0686, train_acc 0.6401, train_f1 0.6402 
dev_loss 1.0473, dev_acc 0.6317, dev_f1 0.6293, lr 0.000500
Epoch 28: 
 train_loss 1.0466, train_acc 0.6517, train_f1 0.6514 
dev_loss 1.0811, dev_acc 0.6237, dev_f1 0.6126, lr 0.000500
Epoch 29: 
 train_loss 1.0209, train_acc 0.6645, train_f1 0.6642 
dev_loss 1.0852, dev_acc 0.6331, dev_f1 0.6321, lr 0.000500
Epoch 30: 
 train_loss 1.0003, train_acc 0.6752, train_f1 0.6749 
dev_loss 1.1083, dev_acc 0.6102, dev_f1 0.6081, lr 0.000500
Epoch 31: 
 train_loss 1.0014, train_acc 0.6663, train_f1 0.6664 
dev_loss 1.0982, dev_acc 0.6384, dev_f1 0.6345, lr 0.000500
Epoch 32: 
 train_loss 0.9848, train_acc 0.6833, train_f1 0.6833 
dev_loss 1.0703, dev_acc 0.6358, dev_f1 0.6337, lr 0.000250
Epoch 33: 
 train_loss 0.9403, train_acc 0.7003, train_f1 0.7006 
dev_loss 1.0736, dev_acc 0.6331, dev_f1 0.6362, lr 0.000250
Epoch 34: 
 train_loss 0.9129, train_acc 0.7228, train_f1 0.7230 
dev_loss 1.0653, dev_acc 0.6384, dev_f1 0.6376, lr 0.000250
Epoch 35: 
 train_loss 0.8904, train_acc 0.7291, train_f1 0.7298 
dev_loss 1.0513, dev_acc 0.6546, dev_f1 0.6556, lr 0.000250
Epoch 36: 
 train_loss 0.8935, train_acc 0.7271, train_f1 0.7278 
dev_loss 1.0589, dev_acc 0.6425, dev_f1 0.6395, lr 0.000250
Epoch 37: 
 train_loss 0.8621, train_acc 0.7350, train_f1 0.7352 
dev_loss 1.0924, dev_acc 0.6532, dev_f1 0.6535, lr 0.000125
Epoch 38: 
 train_loss 0.8519, train_acc 0.7468, train_f1 0.7474 
dev_loss 1.0513, dev_acc 0.6546, dev_f1 0.6574, lr 0.000125
Epoch 39: 
 train_loss 0.8259, train_acc 0.7579, train_f1 0.7583 
dev_loss 1.0540, dev_acc 0.6519, dev_f1 0.6505, lr 0.000125
Epoch 40: 
 train_loss 0.8273, train_acc 0.7579, train_f1 0.7585 
dev_loss 1.0475, dev_acc 0.6586, dev_f1 0.6591, lr 0.000125
Epoch 41: 
 train_loss 0.8273, train_acc 0.7531, train_f1 0.7539 
dev_loss 1.0564, dev_acc 0.6505, dev_f1 0.6500, lr 0.000125
Epoch 42: 
 train_loss 0.8202, train_acc 0.7575, train_f1 0.7580 
dev_loss 1.0715, dev_acc 0.6519, dev_f1 0.6523, lr 0.000063
Epoch 43: 
 train_loss 0.7960, train_acc 0.7716, train_f1 0.7721 
dev_loss 1.0591, dev_acc 0.6747, dev_f1 0.6754, lr 0.000063
Epoch 44: 
 train_loss 0.7874, train_acc 0.7689, train_f1 0.7694 
dev_loss 1.0633, dev_acc 0.6734, dev_f1 0.6745, lr 0.000063
Epoch 45: 
 train_loss 0.7944, train_acc 0.7673, train_f1 0.7680 
dev_loss 1.0590, dev_acc 0.6707, dev_f1 0.6702, lr 0.000063
Epoch 46: 
 train_loss 0.7867, train_acc 0.7770, train_f1 0.7775 
dev_loss 1.0744, dev_acc 0.6694, dev_f1 0.6700, lr 0.000063
Epoch 47: 
 train_loss 0.7842, train_acc 0.7757, train_f1 0.7762 
dev_loss 1.0588, dev_acc 0.6774, dev_f1 0.6764, lr 0.000031
Epoch 48: 
 train_loss 0.7778, train_acc 0.7758, train_f1 0.7763 
dev_loss 1.0664, dev_acc 0.6653, dev_f1 0.6640, lr 0.000031
Epoch 49: 
 train_loss 0.7801, train_acc 0.7785, train_f1 0.7795 
dev_loss 1.0598, dev_acc 0.6720, dev_f1 0.6719, lr 0.000031
Epoch 50: 
 train_loss 0.7722, train_acc 0.7817, train_f1 0.7823 
dev_loss 1.0661, dev_acc 0.6653, dev_f1 0.6643, lr 0.000031
Epoch 51: 
 train_loss 0.7613, train_acc 0.7891, train_f1 0.7897 
dev_loss 1.0618, dev_acc 0.6653, dev_f1 0.6651, lr 0.000031
Epoch 52: 
 train_loss 0.7791, train_acc 0.7812, train_f1 0.7815 
dev_loss 1.0561, dev_acc 0.6747, dev_f1 0.6748, lr 0.000016
Epoch 53: 
 train_loss 0.7687, train_acc 0.7891, train_f1 0.7895 
dev_loss 1.0670, dev_acc 0.6667, dev_f1 0.6669, lr 0.000016
Epoch 54: 
 train_loss 0.7601, train_acc 0.7820, train_f1 0.7824 
dev_loss 1.0640, dev_acc 0.6720, dev_f1 0.6717, lr 0.000016
Epoch 55: 
 train_loss 0.7757, train_acc 0.7830, train_f1 0.7837 
dev_loss 1.0713, dev_acc 0.6747, dev_f1 0.6746, lr 0.000016
Epoch 56: 
 train_loss 0.7521, train_acc 0.7929, train_f1 0.7932 
dev_loss 1.0607, dev_acc 0.6734, dev_f1 0.6734, lr 0.000016
No dev‑accuracy gain for 10 epochs – early stopping at epoch 57. Best dev accuracy: 0.6774
Loaded best checkpoint: D:\Projects\GitRepositories\CentralVoice-JEM207\scripts\models\no_cbam\logs\no_cbam.py-bs=24,d=0.4,e=100,ls=0.05,l=0.001,p=10,s=42,t=1\best_model_t0.7757_d0.6774.pt
Predictions saved to D:\Projects\GitRepositories\CentralVoice-JEM207\scripts\models\no_cbam\logs\no_cbam.py-bs=24,d=0.4,e=100,ls=0.05,l=0.001,p=10,s=42,t=1\predictions.csv
