Selected models (in order): cbam, no_cbam, baseline
Training model via: scripts\models\cbam\cbam.py
# Logging to D:\Projects\GitRepositories\CentralVoice-JEM207\scripts\models\cbam\logs\cbam.py-bs=24,d=0.4,e=100,ls=0.05,l=0.001,p=10,rr=16,s=42,t=1\train.log   (2025-09-18T21:29:53)
Logging training history to D:\Projects\GitRepositories\CentralVoice-JEM207\scripts\models\cbam\logs\cbam.py-bs=24,d=0.4,e=100,ls=0.05,l=0.001,p=10,rr=16,s=42,t=1\history.csv
Epoch 1:
 train_loss 1.6900, train_acc 0.3043, train_f1 0.2884
dev_loss 1.5641, dev_acc 0.3790, dev_f1 0.3286, lr 0.001000
Epoch 2:
 train_loss 1.5910, train_acc 0.3533, train_f1 0.3383
dev_loss 1.6006, dev_acc 0.3441, dev_f1 0.3010, lr 0.001000
Epoch 3:
 train_loss 1.5442, train_acc 0.3780, train_f1 0.3635
dev_loss 1.4543, dev_acc 0.4261, dev_f1 0.4118, lr 0.001000
Epoch 4:
 train_loss 1.5320, train_acc 0.3933, train_f1 0.3829
dev_loss 1.3799, dev_acc 0.4583, dev_f1 0.4390, lr 0.001000
Epoch 5:
 train_loss 1.5054, train_acc 0.4074, train_f1 0.3957
dev_loss 1.6548, dev_acc 0.3602, dev_f1 0.3049, lr 0.001000
Epoch 6:
 train_loss 1.4873, train_acc 0.4307, train_f1 0.4234
dev_loss 1.4106, dev_acc 0.4651, dev_f1 0.4463, lr 0.001000
Epoch 7:
 train_loss 1.4705, train_acc 0.4297, train_f1 0.4222
dev_loss 1.3474, dev_acc 0.4852, dev_f1 0.4859, lr 0.001000
Epoch 8:
 train_loss 1.4444, train_acc 0.4427, train_f1 0.4339
dev_loss 1.3649, dev_acc 0.4731, dev_f1 0.4620, lr 0.001000
Epoch 9:
 train_loss 1.4340, train_acc 0.4494, train_f1 0.4410
dev_loss 1.3189, dev_acc 0.4879, dev_f1 0.4844, lr 0.001000
Epoch 10:
 train_loss 1.4137, train_acc 0.4699, train_f1 0.4649
dev_loss 1.4373, dev_acc 0.4435, dev_f1 0.4056, lr 0.001000
Epoch 11:
 train_loss 1.3876, train_acc 0.4828, train_f1 0.4777
dev_loss 1.2642, dev_acc 0.5376, dev_f1 0.5369, lr 0.001000
Epoch 12:
 train_loss 1.3706, train_acc 0.4942, train_f1 0.4896
dev_loss 1.3457, dev_acc 0.4987, dev_f1 0.4864, lr 0.001000
Epoch 13:
 train_loss 1.3507, train_acc 0.4947, train_f1 0.4907
dev_loss 1.2433, dev_acc 0.5349, dev_f1 0.5142, lr 0.001000
Epoch 14:
 train_loss 1.3375, train_acc 0.5122, train_f1 0.5089
dev_loss 1.2899, dev_acc 0.5336, dev_f1 0.5275, lr 0.001000
Epoch 15:
 train_loss 1.3168, train_acc 0.5102, train_f1 0.5069
dev_loss 1.1915, dev_acc 0.5618, dev_f1 0.5565, lr 0.001000
Epoch 16:
 train_loss 1.3133, train_acc 0.5164, train_f1 0.5127
dev_loss 1.2762, dev_acc 0.5336, dev_f1 0.5316, lr 0.001000
Epoch 17:
 train_loss 1.2894, train_acc 0.5313, train_f1 0.5294
dev_loss 1.3971, dev_acc 0.4946, dev_f1 0.4905, lr 0.001000
Epoch 18:
 train_loss 1.2728, train_acc 0.5421, train_f1 0.5396
dev_loss 1.1653, dev_acc 0.5874, dev_f1 0.5853, lr 0.001000
Epoch 19:
 train_loss 1.2613, train_acc 0.5382, train_f1 0.5359
dev_loss 1.1517, dev_acc 0.5833, dev_f1 0.5768, lr 0.001000
Epoch 20:
 train_loss 1.2320, train_acc 0.5577, train_f1 0.5563
dev_loss 1.1845, dev_acc 0.5726, dev_f1 0.5706, lr 0.001000
Epoch 21:
 train_loss 1.2269, train_acc 0.5659, train_f1 0.5644
dev_loss 1.1190, dev_acc 0.6075, dev_f1 0.6042, lr 0.001000
Epoch 22:
 train_loss 1.2039, train_acc 0.5709, train_f1 0.5688
dev_loss 1.1583, dev_acc 0.6102, dev_f1 0.6049, lr 0.001000
Epoch 23:
 train_loss 1.1995, train_acc 0.5740, train_f1 0.5717
dev_loss 1.2024, dev_acc 0.5753, dev_f1 0.5712, lr 0.001000
Epoch 24:
 train_loss 1.1505, train_acc 0.6064, train_f1 0.6055
dev_loss 1.1823, dev_acc 0.6008, dev_f1 0.6020, lr 0.001000
Epoch 25:
 train_loss 1.1571, train_acc 0.5956, train_f1 0.5944
dev_loss 1.1387, dev_acc 0.5941, dev_f1 0.5922, lr 0.001000
Epoch 26:
 train_loss 1.1290, train_acc 0.6165, train_f1 0.6148
dev_loss 1.2388, dev_acc 0.5739, dev_f1 0.5714, lr 0.000500
Epoch 27:
 train_loss 1.0594, train_acc 0.6539, train_f1 0.6531
dev_loss 1.0899, dev_acc 0.6250, dev_f1 0.6261, lr 0.000500
Epoch 28:
 train_loss 1.0355, train_acc 0.6593, train_f1 0.6590
dev_loss 1.0854, dev_acc 0.6210, dev_f1 0.6177, lr 0.000500
Epoch 29:
 train_loss 1.0166, train_acc 0.6626, train_f1 0.6619
dev_loss 1.1235, dev_acc 0.6142, dev_f1 0.6107, lr 0.000500
Epoch 30:
 train_loss 1.0172, train_acc 0.6694, train_f1 0.6697
dev_loss 1.0593, dev_acc 0.6304, dev_f1 0.6312, lr 0.000500
Epoch 31:
 train_loss 0.9764, train_acc 0.6860, train_f1 0.6860
dev_loss 1.0921, dev_acc 0.6263, dev_f1 0.6276, lr 0.000500
Epoch 32:
 train_loss 0.9841, train_acc 0.6819, train_f1 0.6819
dev_loss 1.0639, dev_acc 0.6290, dev_f1 0.6278, lr 0.000500
Epoch 33:
 train_loss 0.9711, train_acc 0.6955, train_f1 0.6953
dev_loss 1.0633, dev_acc 0.6452, dev_f1 0.6460, lr 0.000500
Epoch 34:
 train_loss 0.9558, train_acc 0.6915, train_f1 0.6913
dev_loss 1.0900, dev_acc 0.6223, dev_f1 0.6266, lr 0.000500
Epoch 35:
 train_loss 0.9480, train_acc 0.6992, train_f1 0.6991
dev_loss 1.0791, dev_acc 0.6411, dev_f1 0.6439, lr 0.000250
Epoch 36:
 train_loss 0.8927, train_acc 0.7244, train_f1 0.7247
dev_loss 1.0941, dev_acc 0.6478, dev_f1 0.6422, lr 0.000250
Epoch 37:
 train_loss 0.8727, train_acc 0.7340, train_f1 0.7339
dev_loss 1.0967, dev_acc 0.6344, dev_f1 0.6302, lr 0.000250
Epoch 38:
 train_loss 0.8636, train_acc 0.7365, train_f1 0.7371
dev_loss 1.0791, dev_acc 0.6425, dev_f1 0.6380, lr 0.000250
Epoch 39:
 train_loss 0.8399, train_acc 0.7495, train_f1 0.7499
dev_loss 1.0720, dev_acc 0.6452, dev_f1 0.6439, lr 0.000250
Epoch 40:
 train_loss 0.8288, train_acc 0.7531, train_f1 0.7534
dev_loss 1.1141, dev_acc 0.6438, dev_f1 0.6447, lr 0.000125
Epoch 41:
 train_loss 0.8128, train_acc 0.7661, train_f1 0.7665
dev_loss 1.0882, dev_acc 0.6438, dev_f1 0.6427, lr 0.000125
Epoch 42:
 train_loss 0.8047, train_acc 0.7686, train_f1 0.7691
dev_loss 1.0833, dev_acc 0.6532, dev_f1 0.6534, lr 0.000125
Epoch 43:
 train_loss 0.7948, train_acc 0.7674, train_f1 0.7681
dev_loss 1.0817, dev_acc 0.6492, dev_f1 0.6511, lr 0.000125
Epoch 44:
 train_loss 0.7920, train_acc 0.7726, train_f1 0.7734
dev_loss 1.1015, dev_acc 0.6425, dev_f1 0.6387, lr 0.000125
Epoch 45:
 train_loss 0.7844, train_acc 0.7733, train_f1 0.7739
dev_loss 1.0784, dev_acc 0.6505, dev_f1 0.6522, lr 0.000063
Epoch 46:
 train_loss 0.7659, train_acc 0.7805, train_f1 0.7811
dev_loss 1.0966, dev_acc 0.6519, dev_f1 0.6523, lr 0.000063
Epoch 47:
 train_loss 0.7535, train_acc 0.7923, train_f1 0.7925
dev_loss 1.0756, dev_acc 0.6546, dev_f1 0.6552, lr 0.000063
Epoch 48:
 train_loss 0.7545, train_acc 0.7948, train_f1 0.7953
dev_loss 1.0817, dev_acc 0.6573, dev_f1 0.6581, lr 0.000063
Epoch 49:
 train_loss 0.7448, train_acc 0.7988, train_f1 0.7993
dev_loss 1.0978, dev_acc 0.6546, dev_f1 0.6546, lr 0.000063
Epoch 50:
 train_loss 0.7652, train_acc 0.7810, train_f1 0.7819
dev_loss 1.0801, dev_acc 0.6438, dev_f1 0.6434, lr 0.000031
Epoch 51:
 train_loss 0.7423, train_acc 0.7877, train_f1 0.7883
dev_loss 1.0859, dev_acc 0.6505, dev_f1 0.6512, lr 0.000031
Epoch 52:
 train_loss 0.7662, train_acc 0.7837, train_f1 0.7839
dev_loss 1.0918, dev_acc 0.6519, dev_f1 0.6516, lr 0.000031
Epoch 53:
 train_loss 0.7387, train_acc 0.8012, train_f1 0.8018
dev_loss 1.0904, dev_acc 0.6519, dev_f1 0.6524, lr 0.000031
Epoch 54:
 train_loss 0.7298, train_acc 0.7958, train_f1 0.7962
dev_loss 1.0961, dev_acc 0.6532, dev_f1 0.6533, lr 0.000031
Epoch 55:
 train_loss 0.7363, train_acc 0.7971, train_f1 0.7975
dev_loss 1.1027, dev_acc 0.6465, dev_f1 0.6467, lr 0.000016
Epoch 56:
 train_loss 0.7417, train_acc 0.7997, train_f1 0.7998
dev_loss 1.0969, dev_acc 0.6586, dev_f1 0.6595, lr 0.000016
Epoch 57:
 train_loss 0.7377, train_acc 0.7955, train_f1 0.7961
dev_loss 1.1008, dev_acc 0.6505, dev_f1 0.6509, lr 0.000016
Epoch 58:
 train_loss 0.7325, train_acc 0.7980, train_f1 0.7988
dev_loss 1.0810, dev_acc 0.6640, dev_f1 0.6653, lr 0.000016
Epoch 59:
 train_loss 0.7301, train_acc 0.7970, train_f1 0.7974
dev_loss 1.0870, dev_acc 0.6573, dev_f1 0.6566, lr 0.000016
Epoch 60:
 train_loss 0.7193, train_acc 0.8005, train_f1 0.8008
dev_loss 1.0885, dev_acc 0.6653, dev_f1 0.6653, lr 0.000010
Epoch 61:
 train_loss 0.7272, train_acc 0.8079, train_f1 0.8080
dev_loss 1.1004, dev_acc 0.6532, dev_f1 0.6532, lr 0.000010
Epoch 62:
 train_loss 0.7238, train_acc 0.8022, train_f1 0.8026
dev_loss 1.0931, dev_acc 0.6505, dev_f1 0.6510, lr 0.000010
Epoch 63:
 train_loss 0.7200, train_acc 0.8079, train_f1 0.8084
dev_loss 1.1049, dev_acc 0.6532, dev_f1 0.6520, lr 0.000010
Epoch 64:
 train_loss 0.7324, train_acc 0.7995, train_f1 0.8003
dev_loss 1.0845, dev_acc 0.6573, dev_f1 0.6584, lr 0.000010
Epoch 65:
 train_loss 0.7215, train_acc 0.8013, train_f1 0.8018
dev_loss 1.0873, dev_acc 0.6599, dev_f1 0.6609, lr 0.000010
Epoch 66:
 train_loss 0.7297, train_acc 0.8040, train_f1 0.8043
dev_loss 1.0892, dev_acc 0.6559, dev_f1 0.6562, lr 0.000010
Epoch 67:
 train_loss 0.7241, train_acc 0.8045, train_f1 0.8049
dev_loss 1.0906, dev_acc 0.6559, dev_f1 0.6563, lr 0.000010
Epoch 68:
 train_loss 0.7233, train_acc 0.8062, train_f1 0.8064
dev_loss 1.0921, dev_acc 0.6519, dev_f1 0.6525, lr 0.000010
Epoch 69:
 train_loss 0.7358, train_acc 0.7973, train_f1 0.7980
dev_loss 1.0965, dev_acc 0.6599, dev_f1 0.6596, lr 0.000010
No dev‑accuracy gain for 10 epochs – early stopping at epoch 70. Best dev accuracy: 0.6653
Loaded best checkpoint: D:\Projects\GitRepositories\CentralVoice-JEM207\scripts\models\cbam\logs\cbam.py-bs=24,d=0.4,e=100,ls=0.05,l=0.001,p=10,rr=16,s=42,t=1\best_model_t0.8005_d0.6653.pt
Predictions saved to D:\Projects\GitRepositories\CentralVoice-JEM207\scripts\models\cbam\logs\cbam.py-bs=24,d=0.4,e=100,ls=0.05,l=0.001,p=10,rr=16,s=42,t=1\predictions.csv
Confusion matrix (rows=true, cols=pred):
     ANG  DIS  FEA  HAP  NEU  SAD
ANG  103   14    0    8    2    0
DIS   10   88    6    4    3   16
FEA    2   10   63   14    3   35
HAP   13    8    8   87    8    3
NEU    1    5    1    3   78   20
SAD    0   20   15    6   11   75
Evaluation - overall accuracy: 0.6649
Evaluation - per-class recall (normalized):
  ANG: 0.8110
  DIS: 0.6929
  FEA: 0.4961
  HAP: 0.6850
  NEU: 0.7222
  SAD: 0.5906
Macro F1-score: 0.6665
Training model via: scripts\models\no_cbam\no_cbam.py
# Logging to D:\Projects\GitRepositories\CentralVoice-JEM207\scripts\models\no_cbam\logs\no_cbam.py-bs=24,d=0.4,e=100,ls=0.05,l=0.001,p=10,s=42,t=1\train.log   (2025-09-18T21:59:31)
Logging training history to D:\Projects\GitRepositories\CentralVoice-JEM207\scripts\models\no_cbam\logs\no_cbam.py-bs=24,d=0.4,e=100,ls=0.05,l=0.001,p=10,s=42,t=1\history.csv
Epoch 1:
 train_loss 1.7053, train_acc 0.2961, train_f1 0.2743
dev_loss 1.5503, dev_acc 0.3669, dev_f1 0.3410, lr 0.001000
Epoch 2:
 train_loss 1.5983, train_acc 0.3511, train_f1 0.3209
dev_loss 1.6757, dev_acc 0.3401, dev_f1 0.2882, lr 0.001000
Epoch 3:
 train_loss 1.5706, train_acc 0.3661, train_f1 0.3420
dev_loss 1.6650, dev_acc 0.3320, dev_f1 0.2786, lr 0.001000
Epoch 4:
 train_loss 1.5403, train_acc 0.3869, train_f1 0.3674
dev_loss 1.6009, dev_acc 0.3858, dev_f1 0.3266, lr 0.001000
Epoch 5:
 train_loss 1.5179, train_acc 0.4012, train_f1 0.3896
dev_loss 1.4551, dev_acc 0.4113, dev_f1 0.3811, lr 0.001000
Epoch 6:
 train_loss 1.4956, train_acc 0.4186, train_f1 0.4069
dev_loss 1.3863, dev_acc 0.4556, dev_f1 0.4461, lr 0.001000
Epoch 7:
 train_loss 1.4619, train_acc 0.4378, train_f1 0.4315
dev_loss 1.3530, dev_acc 0.4677, dev_f1 0.4621, lr 0.001000
Epoch 8:
 train_loss 1.4624, train_acc 0.4416, train_f1 0.4354
dev_loss 1.4200, dev_acc 0.4422, dev_f1 0.4318, lr 0.001000
Epoch 9:
 train_loss 1.4343, train_acc 0.4485, train_f1 0.4411
dev_loss 1.3690, dev_acc 0.4812, dev_f1 0.4691, lr 0.001000
Epoch 10:
 train_loss 1.4185, train_acc 0.4608, train_f1 0.4558
dev_loss 1.3987, dev_acc 0.4745, dev_f1 0.4468, lr 0.001000
Epoch 11:
 train_loss 1.3892, train_acc 0.4809, train_f1 0.4770
dev_loss 1.4393, dev_acc 0.4476, dev_f1 0.4355, lr 0.001000
Epoch 12:
 train_loss 1.3760, train_acc 0.4784, train_f1 0.4741
dev_loss 1.2488, dev_acc 0.5444, dev_f1 0.5427, lr 0.001000
Epoch 13:
 train_loss 1.3672, train_acc 0.4967, train_f1 0.4936
dev_loss 1.2704, dev_acc 0.5349, dev_f1 0.5313, lr 0.001000
Epoch 14:
 train_loss 1.3539, train_acc 0.5033, train_f1 0.4984
dev_loss 1.2930, dev_acc 0.5336, dev_f1 0.5239, lr 0.001000
Epoch 15:
 train_loss 1.3253, train_acc 0.5061, train_f1 0.5038
dev_loss 1.2400, dev_acc 0.5565, dev_f1 0.5501, lr 0.001000
Epoch 16:
 train_loss 1.3083, train_acc 0.5209, train_f1 0.5173
dev_loss 1.1773, dev_acc 0.5739, dev_f1 0.5689, lr 0.001000
Epoch 17:
 train_loss 1.2956, train_acc 0.5244, train_f1 0.5214
dev_loss 1.2127, dev_acc 0.5659, dev_f1 0.5609, lr 0.001000
Epoch 18:
 train_loss 1.2679, train_acc 0.5456, train_f1 0.5433
dev_loss 1.2437, dev_acc 0.5820, dev_f1 0.5757, lr 0.001000
Epoch 19:
 train_loss 1.2437, train_acc 0.5590, train_f1 0.5571
dev_loss 1.1793, dev_acc 0.5820, dev_f1 0.5810, lr 0.001000
Epoch 20:
 train_loss 1.2433, train_acc 0.5484, train_f1 0.5459
dev_loss 1.1707, dev_acc 0.5820, dev_f1 0.5784, lr 0.001000
Epoch 21:
 train_loss 1.2163, train_acc 0.5694, train_f1 0.5677
dev_loss 1.1877, dev_acc 0.5645, dev_f1 0.5536, lr 0.001000
Epoch 22:
 train_loss 1.2012, train_acc 0.5757, train_f1 0.5747
dev_loss 1.1404, dev_acc 0.5874, dev_f1 0.5855, lr 0.001000
Epoch 23:
 train_loss 1.1788, train_acc 0.5946, train_f1 0.5931
dev_loss 1.1802, dev_acc 0.5766, dev_f1 0.5723, lr 0.001000
Epoch 24:
 train_loss 1.1681, train_acc 0.5963, train_f1 0.5950
dev_loss 1.2893, dev_acc 0.5511, dev_f1 0.5575, lr 0.001000
Epoch 25:
 train_loss 1.1448, train_acc 0.6099, train_f1 0.6089
dev_loss 1.2480, dev_acc 0.5645, dev_f1 0.5562, lr 0.001000
Epoch 26:
 train_loss 1.1357, train_acc 0.6119, train_f1 0.6111
dev_loss 1.1455, dev_acc 0.5968, dev_f1 0.5948, lr 0.001000
Epoch 27:
 train_loss 1.1172, train_acc 0.6203, train_f1 0.6196
dev_loss 1.0624, dev_acc 0.6223, dev_f1 0.6209, lr 0.001000
Epoch 28:
 train_loss 1.1022, train_acc 0.6301, train_f1 0.6299
dev_loss 1.1533, dev_acc 0.5968, dev_f1 0.5899, lr 0.001000
Epoch 29:
 train_loss 1.0781, train_acc 0.6322, train_f1 0.6322
dev_loss 1.0911, dev_acc 0.6142, dev_f1 0.6126, lr 0.001000
Epoch 30:
 train_loss 1.0664, train_acc 0.6381, train_f1 0.6379
dev_loss 1.1349, dev_acc 0.6142, dev_f1 0.6070, lr 0.001000
Epoch 31:
 train_loss 1.0425, train_acc 0.6502, train_f1 0.6501
dev_loss 1.1333, dev_acc 0.6075, dev_f1 0.6034, lr 0.001000
Epoch 32:
 train_loss 1.0242, train_acc 0.6650, train_f1 0.6652
dev_loss 1.1559, dev_acc 0.5820, dev_f1 0.5771, lr 0.000500
Epoch 33:
 train_loss 0.9564, train_acc 0.6934, train_f1 0.6936
dev_loss 1.0764, dev_acc 0.6331, dev_f1 0.6324, lr 0.000500
Epoch 34:
 train_loss 0.9393, train_acc 0.7063, train_f1 0.7072
dev_loss 1.0670, dev_acc 0.6411, dev_f1 0.6433, lr 0.000500
Epoch 35:
 train_loss 0.9106, train_acc 0.7187, train_f1 0.7194
dev_loss 1.1062, dev_acc 0.6277, dev_f1 0.6279, lr 0.000500
Epoch 36:
 train_loss 0.8875, train_acc 0.7251, train_f1 0.7255
dev_loss 1.1015, dev_acc 0.6573, dev_f1 0.6534, lr 0.000500
Epoch 37:
 train_loss 0.8947, train_acc 0.7261, train_f1 0.7265
dev_loss 1.0836, dev_acc 0.6358, dev_f1 0.6334, lr 0.000250
Epoch 38:
 train_loss 0.8523, train_acc 0.7466, train_f1 0.7470
dev_loss 1.0785, dev_acc 0.6505, dev_f1 0.6505, lr 0.000250
Epoch 39:
 train_loss 0.8137, train_acc 0.7584, train_f1 0.7589
dev_loss 1.0660, dev_acc 0.6532, dev_f1 0.6557, lr 0.000250
Epoch 40:
 train_loss 0.7957, train_acc 0.7691, train_f1 0.7695
dev_loss 1.1165, dev_acc 0.6532, dev_f1 0.6518, lr 0.000250
Epoch 41:
 train_loss 0.7826, train_acc 0.7792, train_f1 0.7792
dev_loss 1.1188, dev_acc 0.6626, dev_f1 0.6639, lr 0.000250
Epoch 42:
 train_loss 0.7961, train_acc 0.7716, train_f1 0.7720
dev_loss 1.1258, dev_acc 0.6559, dev_f1 0.6546, lr 0.000125
Epoch 43:
 train_loss 0.7650, train_acc 0.7904, train_f1 0.7908
dev_loss 1.1321, dev_acc 0.6411, dev_f1 0.6384, lr 0.000125
Epoch 44:
 train_loss 0.7618, train_acc 0.7877, train_f1 0.7877
dev_loss 1.1108, dev_acc 0.6532, dev_f1 0.6551, lr 0.000125
Epoch 45:
 train_loss 0.7485, train_acc 0.7921, train_f1 0.7927
dev_loss 1.1327, dev_acc 0.6573, dev_f1 0.6563, lr 0.000125
Epoch 46:
 train_loss 0.7430, train_acc 0.7941, train_f1 0.7946
dev_loss 1.1359, dev_acc 0.6505, dev_f1 0.6475, lr 0.000125
Epoch 47:
 train_loss 0.7384, train_acc 0.7965, train_f1 0.7972
dev_loss 1.1107, dev_acc 0.6599, dev_f1 0.6621, lr 0.000063
Epoch 48:
 train_loss 0.7366, train_acc 0.7970, train_f1 0.7973
dev_loss 1.1041, dev_acc 0.6478, dev_f1 0.6477, lr 0.000063
Epoch 49:
 train_loss 0.7118, train_acc 0.8060, train_f1 0.8068
dev_loss 1.1067, dev_acc 0.6626, dev_f1 0.6631, lr 0.000063
Epoch 50:
 train_loss 0.7264, train_acc 0.8040, train_f1 0.8045
dev_loss 1.1022, dev_acc 0.6465, dev_f1 0.6462, lr 0.000063
No dev‑accuracy gain for 10 epochs – early stopping at epoch 51. Best dev accuracy: 0.6626
Loaded best checkpoint: D:\Projects\GitRepositories\CentralVoice-JEM207\scripts\models\no_cbam\logs\no_cbam.py-bs=24,d=0.4,e=100,ls=0.05,l=0.001,p=10,s=42,t=1\best_model_t0.7792_d0.6626.pt
Predictions saved to D:\Projects\GitRepositories\CentralVoice-JEM207\scripts\models\no_cbam\logs\no_cbam.py-bs=24,d=0.4,e=100,ls=0.05,l=0.001,p=10,s=42,t=1\predictions.csv
Confusion matrix (rows=true, cols=pred):
     ANG  DIS  FEA  HAP  NEU  SAD
ANG   97   18    1    8    0    3
DIS    6   77    9    8    7   20
FEA    2    6   66    8    2   43
HAP   17   10   17   73    6    4
NEU    1    4    5    3   70   25
SAD    1    8   16    2   14   86
Evaluation - overall accuracy: 0.6312
Evaluation - per-class recall (normalized):
  ANG: 0.7638
  DIS: 0.6063
  FEA: 0.5197
  HAP: 0.5748
  NEU: 0.6481
  SAD: 0.6772
Macro F1-score: 0.6348
Training model via: scripts\models\baseline\baseline.py
