# Logging to D:\Projects\GitRepositories\CentralVoice-JEM207\scripts\models\cbam\logs\cbam.py-bs=24,d=0.4,e=100,ls=0.05,l=0.001,p=10,rr=16,s=42,t=1\train.log   (2025-09-15T13:40:37)
Logging training history to D:\Projects\GitRepositories\CentralVoice-JEM207\scripts\models\cbam\logs\cbam.py-bs=24,d=0.4,e=100,ls=0.05,l=0.001,p=10,rr=16,s=42,t=1\history.csv
Epoch 1: 
 train_loss 1.7963, train_acc 0.2465, train_f1 0.2305 
dev_loss 1.5982, dev_acc 0.3602, dev_f1 0.3023, lr 0.001000
Epoch 2: 
 train_loss 1.6453, train_acc 0.3216, train_f1 0.2970 
dev_loss 1.5199, dev_acc 0.3858, dev_f1 0.3377, lr 0.001000
Epoch 3: 
 train_loss 1.6164, train_acc 0.3340, train_f1 0.3176 
dev_loss 1.5226, dev_acc 0.3831, dev_f1 0.3351, lr 0.001000
Epoch 4: 
 train_loss 1.5871, train_acc 0.3610, train_f1 0.3427 
dev_loss 1.7150, dev_acc 0.2769, dev_f1 0.2320, lr 0.001000
Epoch 5: 
 train_loss 1.5756, train_acc 0.3725, train_f1 0.3600 
dev_loss 1.5249, dev_acc 0.3911, dev_f1 0.3420, lr 0.001000
Epoch 6: 
 train_loss 1.5467, train_acc 0.3889, train_f1 0.3718 
dev_loss 1.5250, dev_acc 0.3616, dev_f1 0.3402, lr 0.001000
Epoch 7: 
 train_loss 1.5263, train_acc 0.3982, train_f1 0.3886 
dev_loss 1.4646, dev_acc 0.4153, dev_f1 0.3987, lr 0.001000
Epoch 8: 
 train_loss 1.4931, train_acc 0.4116, train_f1 0.4031 
dev_loss 1.4160, dev_acc 0.4543, dev_f1 0.4287, lr 0.001000
Epoch 9: 
 train_loss 1.4824, train_acc 0.4178, train_f1 0.4100 
dev_loss 1.4037, dev_acc 0.4368, dev_f1 0.4204, lr 0.001000
Epoch 10: 
 train_loss 1.4643, train_acc 0.4269, train_f1 0.4180 
dev_loss 1.3745, dev_acc 0.4583, dev_f1 0.4598, lr 0.001000
Epoch 11: 
 train_loss 1.4509, train_acc 0.4453, train_f1 0.4412 
dev_loss 1.3206, dev_acc 0.4933, dev_f1 0.4883, lr 0.001000
Epoch 12: 
 train_loss 1.4228, train_acc 0.4623, train_f1 0.4584 
dev_loss 1.3940, dev_acc 0.4422, dev_f1 0.4264, lr 0.001000
Epoch 13: 
 train_loss 1.4128, train_acc 0.4694, train_f1 0.4664 
dev_loss 1.3154, dev_acc 0.4825, dev_f1 0.4699, lr 0.001000
Epoch 14: 
 train_loss 1.3895, train_acc 0.4771, train_f1 0.4733 
dev_loss 1.3550, dev_acc 0.4772, dev_f1 0.4657, lr 0.001000
Epoch 15: 
 train_loss 1.3692, train_acc 0.4937, train_f1 0.4907 
dev_loss 1.2598, dev_acc 0.5430, dev_f1 0.5419, lr 0.001000
Epoch 16: 
 train_loss 1.3474, train_acc 0.5107, train_f1 0.5066 
dev_loss 1.2714, dev_acc 0.5296, dev_f1 0.5249, lr 0.001000
Epoch 17: 
 train_loss 1.3365, train_acc 0.5028, train_f1 0.4996 
dev_loss 1.2397, dev_acc 0.5538, dev_f1 0.5523, lr 0.001000
Epoch 18: 
 train_loss 1.3134, train_acc 0.5217, train_f1 0.5200 
dev_loss 1.2661, dev_acc 0.5605, dev_f1 0.5548, lr 0.001000
Epoch 19: 
 train_loss 1.2956, train_acc 0.5228, train_f1 0.5202 
dev_loss 1.2914, dev_acc 0.5296, dev_f1 0.5309, lr 0.001000
Epoch 20: 
 train_loss 1.2708, train_acc 0.5417, train_f1 0.5395 
dev_loss 1.2389, dev_acc 0.5632, dev_f1 0.5603, lr 0.001000
Epoch 21: 
 train_loss 1.2525, train_acc 0.5468, train_f1 0.5453 
dev_loss 1.3229, dev_acc 0.5188, dev_f1 0.5048, lr 0.001000
Epoch 22: 
 train_loss 1.2267, train_acc 0.5580, train_f1 0.5562 
dev_loss 1.2425, dev_acc 0.5685, dev_f1 0.5645, lr 0.001000
Epoch 23: 
 train_loss 1.2060, train_acc 0.5780, train_f1 0.5767 
dev_loss 1.3227, dev_acc 0.5188, dev_f1 0.5050, lr 0.001000
Epoch 24: 
 train_loss 1.1915, train_acc 0.5785, train_f1 0.5776 
dev_loss 1.2480, dev_acc 0.5820, dev_f1 0.5796, lr 0.001000
Epoch 25: 
 train_loss 1.1679, train_acc 0.5945, train_f1 0.5937 
dev_loss 1.3044, dev_acc 0.5309, dev_f1 0.5297, lr 0.000500
Epoch 26: 
 train_loss 1.0988, train_acc 0.6233, train_f1 0.6233 
dev_loss 1.1844, dev_acc 0.5833, dev_f1 0.5764, lr 0.000500
Epoch 27: 
 train_loss 1.0512, train_acc 0.6458, train_f1 0.6453 
dev_loss 1.1933, dev_acc 0.5860, dev_f1 0.5845, lr 0.000500
Epoch 28: 
 train_loss 1.0252, train_acc 0.6610, train_f1 0.6608 
dev_loss 1.2859, dev_acc 0.5605, dev_f1 0.5633, lr 0.000500
Epoch 29: 
 train_loss 0.9933, train_acc 0.6739, train_f1 0.6741 
dev_loss 1.2239, dev_acc 0.5766, dev_f1 0.5752, lr 0.000500
Epoch 30: 
 train_loss 0.9737, train_acc 0.6833, train_f1 0.6833 
dev_loss 1.2354, dev_acc 0.5659, dev_f1 0.5652, lr 0.000500
Epoch 31: 
 train_loss 0.9530, train_acc 0.6974, train_f1 0.6973 
dev_loss 1.2378, dev_acc 0.5739, dev_f1 0.5696, lr 0.000250
Epoch 32: 
 train_loss 0.8974, train_acc 0.7244, train_f1 0.7247 
dev_loss 1.2562, dev_acc 0.5699, dev_f1 0.5684, lr 0.000250
Epoch 33: 
 train_loss 0.8827, train_acc 0.7293, train_f1 0.7297 
dev_loss 1.2748, dev_acc 0.5901, dev_f1 0.5870, lr 0.000250
Epoch 34: 
 train_loss 0.8448, train_acc 0.7521, train_f1 0.7524 
dev_loss 1.2932, dev_acc 0.5860, dev_f1 0.5854, lr 0.000250
Epoch 35: 
 train_loss 0.8411, train_acc 0.7461, train_f1 0.7461 
dev_loss 1.2994, dev_acc 0.5685, dev_f1 0.5720, lr 0.000250
Epoch 36: 
 train_loss 0.8373, train_acc 0.7540, train_f1 0.7542 
dev_loss 1.2854, dev_acc 0.5860, dev_f1 0.5813, lr 0.000125
Epoch 37: 
 train_loss 0.8039, train_acc 0.7604, train_f1 0.7604 
dev_loss 1.2805, dev_acc 0.5699, dev_f1 0.5678, lr 0.000125
Epoch 38: 
 train_loss 0.7879, train_acc 0.7701, train_f1 0.7703 
dev_loss 1.2906, dev_acc 0.5806, dev_f1 0.5824, lr 0.000125
Epoch 39: 
 train_loss 0.7780, train_acc 0.7817, train_f1 0.7823 
dev_loss 1.3342, dev_acc 0.5847, dev_f1 0.5824, lr 0.000125
Epoch 40: 
 train_loss 0.7540, train_acc 0.7913, train_f1 0.7913 
dev_loss 1.2994, dev_acc 0.5995, dev_f1 0.5993, lr 0.000125
Epoch 41: 
 train_loss 0.7581, train_acc 0.7973, train_f1 0.7976 
dev_loss 1.3171, dev_acc 0.5753, dev_f1 0.5732, lr 0.000063
Epoch 42: 
 train_loss 0.7346, train_acc 0.8002, train_f1 0.8005 
dev_loss 1.3036, dev_acc 0.5820, dev_f1 0.5805, lr 0.000063
Epoch 43: 
 train_loss 0.7239, train_acc 0.8027, train_f1 0.8029 
dev_loss 1.3156, dev_acc 0.5847, dev_f1 0.5841, lr 0.000063
Epoch 44: 
 train_loss 0.7335, train_acc 0.8030, train_f1 0.8034 
dev_loss 1.2957, dev_acc 0.5833, dev_f1 0.5834, lr 0.000063
Epoch 45: 
 train_loss 0.7156, train_acc 0.8084, train_f1 0.8088 
dev_loss 1.3088, dev_acc 0.5847, dev_f1 0.5856, lr 0.000063
Epoch 46: 
 train_loss 0.7175, train_acc 0.8092, train_f1 0.8094 
dev_loss 1.3143, dev_acc 0.5874, dev_f1 0.5872, lr 0.000031
Epoch 47: 
 train_loss 0.7085, train_acc 0.8113, train_f1 0.8117 
dev_loss 1.3159, dev_acc 0.5914, dev_f1 0.5917, lr 0.000031
Epoch 48: 
 train_loss 0.7100, train_acc 0.8030, train_f1 0.8031 
dev_loss 1.3235, dev_acc 0.5914, dev_f1 0.5912, lr 0.000031
Epoch 49: 
 train_loss 0.7026, train_acc 0.8123, train_f1 0.8125 
dev_loss 1.3202, dev_acc 0.5766, dev_f1 0.5763, lr 0.000031
No dev‑accuracy gain for 10 epochs – early stopping at epoch 50. Best dev accuracy: 0.5995
Loaded best checkpoint: D:\Projects\GitRepositories\CentralVoice-JEM207\scripts\models\cbam\logs\cbam.py-bs=24,d=0.4,e=100,ls=0.05,l=0.001,p=10,rr=16,s=42,t=1\best_model_t0.7251_d0.6075.pt
Predictions saved to D:\Projects\GitRepositories\CentralVoice-JEM207\scripts\models\cbam\logs\cbam.py-bs=24,d=0.4,e=100,ls=0.05,l=0.001,p=10,rr=16,s=42,t=1\predictions.csv
